[PCSK9, MMP2, AHSG, DCN, CCL20, CCR6, FAM20B, SERPINB1, PRTN3, LAMB3, PDIA3, ICAM1, ITGAM, MMP13, BCAN, PAPPA2, IGFBP3, PZP, VASN, TGFB2, BMP1, ITGA3, CCL2, ACKR1, SHARPIN, TGFB3, LTBP1, MMP3, COL14A1, THBS2, IGFALS, CD151, TIMP4, VCAN, AUP1, ITGA2, CCR3, COL7A1, ELN, FN1, COL1A1, THBS1, CCL7]
[TSC22D3, JUN, LUZP4, FOSL2, RBM14, RUNX2, FOS, MAFB, ARL6IP4, RUNX1, CEBPB, SOX9, MAZ, SPEN, JUNB, ZNF595, C19orf68, MED23, KDM2B, ATF3, CEBPG, JUND]
[IL13RA1, IL4, IFNGR2, IFNG, IL10, IL10RA, IFNGR1, IL4R, SOCS5, AMY2A, IGF1R, IL2RG, IRS1, PTPRU, RACK1, PTPRM, CSF3R, WSB1, DDR1, CAMP, SH2B1, JAK1, PTPN11, JAK2]
[MED24, PPARG, PNRC1, HNF4A, NR2F6, NCOA1, NR0B2, VDR, NFKBIB, THRB, PPARGC1A, RARB, HR, TDG, MMRN2, SRF, ESRRB, NCOA2, NR2F1, MED12, NR1I3, KDM5A, RXRA, ALOX15B, KLF5, NCOR1, CNOT2, SMARCD3, NR1H4, RXRG, NR1I2, ZNHIT3, NR5A2, NRBF2, PPARA, MMS19, NCOA3, MED1, NCOR2, NR1D1, TRIP4, SREBF1, PROX1, EDF1, HELZ2, MECR, MED21, RARG, NRIP1, CHD9, JAZF1, ESRRG, THRA, CEP350, RORB, JAML, CXADR, POU1F1, IQCK, RAD54L2, ZBTB20, PNRC2, NSD1, MED14, NR1H3, DAP3, TBL1X, RXRB, NR3C2, PSMC5, PPARD, NKX2-1, NR6A1, ROBO4, ESR2, RORA, AKAP13, ESRRA, TNP1, TXNRD2, MED10, PRDX6, HNF4G, NCOA4, MED16, NR1H2, MED17, FABP1, NCOA6, MED25, NR3C1, TGS1, ARID1A, NR0B1, RARA, C1D, NR2C2]
[P2RY2, SLC9A3R1, PTH, PTH1R, SLC4A7, SLC4A8, CA2, PTHLH, PDZK1, PDZK1IP1, PODXL, SLC9A3R2]
[SNUPN, KPNB1, NUP98, SRP19, TNPO1, TNPO2, RAN, RAE1, NXF3, XPO1, SERTAD2, RECQL, KPNA4, RCN2, RANBP1, CHORDC1, RGPD5, TMEM62, CSE1L, NUP62, NXF1, KPNA2, MORC3, FOXO4, NXT1, NUP153, CYHR1, NUP54, NUTF2, SLC2A2, RANBP2, IPO7, KPNA1, KPNA6, TAF8, XPO7, TAF10, NUP50, ANP32B, TAF3, GART, ZNF131]
[PMAIP1, BCL2, AVEN, AHCYL1, ITPR1, HRK, BAK1, BIK, PPL, COL17A1, BNIP1, METTL23, BCL2L1, BAX, VDAC1, BBC3, MEX3D, BOK, BCL2A1, KAZN, MCL1, BCL2L2, ZHX1, DYNLL1, BCAS1, BMF, CAPN2, BID, BCL2L11]
[CASP9, BIRC6, UBE2Q2, BIRC3, PLA2G4B, CASP3, CASP1, CASP8, ATG4D, RIPK4, BIRC2, RIPK1, TNF]
[CST6, PALB2, COL4A6, KLK6, ANOS1, FGFR2, NAT2, COL4A4, LSP1, SCGB2A2, FGF10, RAD51, TFF1]
[CP, LTF, CD209, CLU, CD14, PPP3R2, C7, C8B, EPPIN, GJB2, ADCYAP1R1, C9, LYZ]
[CTSK, SERPINB3, CTSS, HAUS7, UCHL5, IVL, DSP, DSC2, PKP2]
[UNG, SEZ6L2, OASL, FOXA1, RDH13, CYP3A5, ATOH8, ETV5, CYP3A4, CYB5A]
[CDKN1C, SKP2, CCNB3, CDK2, IL15RA, FBXO31, CCND1, CCNE2, CAMK1, CDKN1B, KIF26B, MYBL2, CCNE1, C12orf65, SPDYA, CDK2AP1, USP37, PHLDA3, CCNA1]
[CD274, PDCD1, UNC5B, DAPK1, MYL12B, ECE2, CD86, PPP2R2D, CD80, CTLA4, PPP2R5A]
[AREG, S100A5, SLC7A9, TGM2, WDR92, PLCD1, HSPA8, TM4SF1, HBEGF, NRDC, S100A4, HSPA1A, BAG1]
[ARHGEF16, MAPK1IP1L, CEP55, PLEKHG6, EWSR1, RASL11B, TFG]
[THAP12, DNAJC3, EIF2AK3, PLEKHM1, EIF2S2, EIF2S3, EIF2S1, ZNF346, XPO5, EIF2AK2]
[PARP3, PARP1, XRCC6, SERPINA2, GAL3ST4, ELF3, XRCC5, HOXB7, CD40, EHF, OARD1, TFAP2A]
